this is test sentence